[2026-05-13 03:22:57.071 UTC] [INFO ] ══════════════════════════════════════════════════════════════
[2026-05-13 03:22:57.075 UTC] [INFO ] 🔍 MUHUB 站点巡查开始
[2026-05-13 03:22:57.077 UTC] [INFO ] ──────────────────────────────────────────────────────────────
[2026-05-13 03:22:57.078 UTC] [INFO ] ① 检测 www.muhub.cn ...
[2026-05-13 03:22:57.275 UTC] [ERROR]   ❌ www.muhub.cn  网络错误: write EPROTO 2C390000:error:0A000438:SSL routines:ssl3_read_bytes:tlsv1 alert internal error:openssl\ssl\record\rec_layer_s3.c:918:SSL alert number 80
 [https://www.muhub.cn]
[2026-05-13 03:22:57.285 UTC] [INFO ] ② 检测 muhub.cn 根域名跳转 ...
[2026-05-13 03:22:57.809 UTC] [ERROR]   ❌ muhub.cn  网络错误: write EPROTO 2C390000:error:0A000438:SSL routines:ssl3_read_bytes:tlsv1 alert internal error:openssl\ssl\record\rec_layer_s3.c:918:SSL alert number 80
 [https://www.muhub.cn/]
[2026-05-13 03:22:57.810 UTC] [INFO ] ③ 检测 Vercel 源站 muhub-murex.vercel.app ...
[2026-05-13 03:23:05.230 UTC] [OK   ]   ✅ Vercel 源站  HTTP 200  耗时 7419ms
[2026-05-13 03:23:05.233 UTC] [INFO ] ④ 检测 DNS 解析 www.muhub.cn ...
[2026-05-13 03:23:55.548 UTC] [ERROR]   ❌ DNS 异常: A 记录解析失败: queryA ETIMEOUT www.muhub.cn
[2026-05-13 03:23:55.552 UTC] [INFO ] ⑤ 检测 HTTPS 证书 www.muhub.cn ...
[2026-05-13 03:23:55.594 UTC] [ERROR]   ❌ 证书异常: TLS 连接失败: 2C390000:error:0A000438:SSL routines:ssl3_read_bytes:tlsv1 alert internal error:openssl\ssl\record\rec_layer_s3.c:918:SSL alert number 80

[2026-05-13 03:23:55.595 UTC] [INFO ] ──────────────────────────────────────────────────────────────
[2026-05-13 03:23:55.597 UTC] [ERROR] 发现 3 类故障：
[2026-05-13 03:23:55.597 UTC] [ERROR] 
  [故障 1] DNS_NOT_ESA
[2026-05-13 03:23:55.598 UTC] [ERROR]   描述: A 记录解析失败: queryA ETIMEOUT www.muhub.cn
[2026-05-13 03:23:55.598 UTC] [WARN ]   修复建议:
[2026-05-13 03:23:55.599 UTC] [WARN ]     1. 登录阿里云 DNS 控制台，确认 www.muhub.cn 的 CNAME 已指向 ESA 分配的接入域名
[2026-05-13 03:23:55.600 UTC] [WARN ]     2. 在「ESA 控制台」>「加速域名」确认 www.muhub.cn 已添加并处于正常状态
[2026-05-13 03:23:55.600 UTC] [WARN ]     3. 等待 DNS TTL 刷新（通常 5–10 分钟），或运行 dig www.muhub.cn 确认
[2026-05-13 03:23:55.601 UTC] [WARN ]     4. 若 CNAME 正确但此告警持续，可能是 ESA 节点域名格式与识别关键字不匹配，请更新脚本 CONFIG.esaCnameKeywords
[2026-05-13 03:23:55.604 UTC] [ERROR] 
  [故障 2] CERT_INVALID
[2026-05-13 03:23:55.605 UTC] [ERROR]   描述: HTTPS 证书无效: TLS 连接失败: 2C390000:error:0A000438:SSL routines:ssl3_read_bytes:tlsv1 alert internal error:openssl\ssl\record\rec_layer_s3.c:918:SSL alert number 80

[2026-05-13 03:23:55.606 UTC] [WARN ]   修复建议:
[2026-05-13 03:23:55.606 UTC] [WARN ]     1. 进入「阿里云 ESA」>「证书管理」，检查 www.muhub.cn 是否已绑定有效证书
[2026-05-13 03:23:55.607 UTC] [WARN ]     2. 若证书已过期，在「数字证书管理服务」重新申请 DV 证书并重新绑定到 ESA
[2026-05-13 03:23:55.607 UTC] [WARN ]     3. 确认 ESA 回源协议为 HTTPS，且 Vercel 源站证书（*.vercel.app）也有效
[2026-05-13 03:23:55.608 UTC] [ERROR] 
  [故障 3] ROOT_REDIRECT_WRONG
[2026-05-13 03:23:55.608 UTC] [ERROR]   描述: 根域名不可达: 网络错误: write EPROTO 2C390000:error:0A000438:SSL routines:ssl3_read_bytes:tlsv1 alert internal error:openssl\ssl\record\rec_layer_s3.c:918:SSL alert number 80
 [https://www.muhub.cn/]
[2026-05-13 03:23:55.609 UTC] [WARN ]   修复建议:
[2026-05-13 03:23:55.610 UTC] [WARN ]     1. 在 ESA 控制台为 muhub.cn 配置「重定向规则」：将所有请求 301 重定向到 https://www.muhub.cn$request_uri
[2026-05-13 03:23:55.610 UTC] [WARN ]     2. 确认 ESA 已将 muhub.cn（根域名）添加为加速域名（根域名需单独配置，不能与 www 合并）
[2026-05-13 03:23:55.611 UTC] [WARN ]     3. 检查阿里云 DNS 中 muhub.cn 是否有正确的 CNAME 或 A 记录指向 ESA 节点
[2026-05-13 03:23:55.641 UTC] [WARN ]     4. 备案核查要求：根域名和 www 子域名均须完成 ICP 备案，且均须接入 ESA
[2026-05-13 03:23:55.643 UTC] [INFO ] 
🔧 自动操作：刷新本地 DNS 缓存 ...
[2026-05-13 03:23:55.644 UTC] [WARN ]   ⚠️  当前平台不支持自动刷新 DNS 缓存
[2026-05-13 03:23:55.672 UTC] [INFO ] ──────────────────────────────────────────────────────────────
[2026-05-13 03:23:55.676 UTC] [OK   ] 连续失败次数未达阈值（2），无需告警
[2026-05-13 03:23:55.678 UTC] [INFO ] 巡查完成  日志: C:\MUHUB\logs\muhub-monitor.log
[2026-05-13 03:23:55.679 UTC] [INFO ] ══════════════════════════════════════════════════════════════

